2026-10-05 12:40:35,925-db_helper-INFO-fetch_expenses_for_date called with 2024-08-01
2026-10-05 12:40:36,085-db_helper-INFO-fetch_expense_summary called with 2024-08-01,2024-08-05
2026-10-05 12:41:29,013-db_helper-INFO-fetch_expenses_for_date called with 2024-09-30
2026-10-05 12:41:29,069-db_helper-INFO-fetch_expense_summary called with 2024-08-01,2024-08-05
2026-10-05 13:00:57,818-db_helper-INFO-delete_expenses_for_date called with 2024-08-28
2026-10-05 13:00:58,032-db_helper-INFO-insert_expense called with 2024-08-28,amount:23,category:shopping,notes:bought mercedes car
2026-10-05 13:01:05,569-db_helper-INFO-fetch_expenses_for_date called with 2024-08-01
2026-10-05 16:24:21,200-db_helper-INFO-fetch_expenses_for_date called with 2024-08-01
2026-10-05 16:24:28,196-db_helper-INFO-fetch_expenses_for_date called with 2024-08-01
2026-10-05 16:38:55,975-db_helper-INFO-fetch_expenses_for_date called with 2024-08-01
2026-10-05 16:39:00,630-db_helper-INFO-fetch_expenses_for_date called with 2024-08-01
2026-10-05 16:40:15,849-db_helper-INFO-fetch_expenses_for_date called with 2024-08-01
2026-10-05 16:40:20,071-db_helper-INFO-fetch_expenses_for_date called with 2024-08-01
2026-10-05 16:40:31,044-db_helper-INFO-fetch_expenses_for_date called with 2024-08-01
2026-10-05 16:41:35,250-db_helper-INFO-fetch_expenses_for_date called with 2024-08-01
2026-10-05 16:41:38,814-db_helper-INFO-fetch_expenses_for_date called with 2024-08-01
2026-10-05 16:42:07,491-db_helper-INFO-fetch_expenses_for_date called with 2024-08-01
2026-10-05 16:42:12,422-db_helper-INFO-fetch_expenses_for_date called with 2024-08-01
2026-10-05 16:42:27,879-db_helper-INFO-fetch_expenses_for_date called with 2024-08-01
2026-10-05 16:42:40,171-db_helper-INFO-fetch_expenses_for_date called with 2024-08-01
2026-10-05 16:45:35,461-db_helper-INFO-fetch_expenses_for_date called with 2024-08-01
2026-10-05 16:45:39,335-db_helper-INFO-fetch_expenses_for_date called with 2024-08-01
2026-10-05 16:46:01,107-db_helper-INFO-fetch_expenses_for_date called with 2024-08-01
2026-10-05 16:46:01,725-db_helper-INFO-fetch_expenses_for_date called with 2024-08-01
2026-10-05 16:46:16,169-db_helper-INFO-fetch_expenses_for_date called with 2024-08-01
2026-10-05 16:46:41,409-db_helper-INFO-fetch_expenses_for_date called with 2024-08-01
2026-10-05 16:46:48,090-db_helper-INFO-fetch_expenses_for_date called with 2024-08-01
2026-10-05 16:47:12,319-db_helper-INFO-fetch_expenses_for_date called with 2024-08-01
2026-10-05 16:47:17,164-db_helper-INFO-fetch_expenses_for_date called with 2024-08-01
2026-10-05 16:47:46,591-db_helper-INFO-fetch_expenses_for_date called with 2024-08-01
2026-10-05 16:47:48,951-db_helper-INFO-fetch_expenses_for_date called with 2024-08-01
2026-10-05 16:51:30,118-db_helper-INFO-fetch_expenses_for_date called with 2024-08-01
2026-10-05 16:51:40,804-db_helper-INFO-fetch_expenses_for_date called with 2024-08-01
2026-10-05 16:52:14,107-db_helper-INFO-fetch_expenses_for_date called with 2024-08-01
2026-10-05 16:52:19,527-db_helper-INFO-fetch_expenses_for_date called with 2024-08-01
2026-10-05 17:06:27,595-db_helper-INFO-fetch_expenses_for_date called with 2024-08-01
2026-10-05 17:06:36,182-db_helper-INFO-fetch_expenses_for_date called with 2024-08-01
2026-10-05 17:07:18,052-db_helper-INFO-fetch_expenses_for_date called with 2024-08-01
2026-10-05 17:07:21,416-db_helper-INFO-fetch_expenses_for_date called with 2024-08-01
2026-10-05 17:07:31,040-db_helper-INFO-fetch_expenses_for_date called with 2024-08-01
2026-10-05 17:08:44,313-db_helper-INFO-fetch_expenses_for_date called with 2024-08-01
2026-10-05 17:08:48,911-db_helper-INFO-fetch_expenses_for_date called with 2024-08-01
2026-10-05 17:11:01,929-db_helper-INFO-fetch_expenses_for_date called with 2024-08-01
2026-10-05 17:12:23,789-db_helper-INFO-fetch_expenses_for_date called with 2024-08-01
2026-10-05 17:14:36,751-db_helper-INFO-fetch_expenses_for_date called with 2024-08-01
2026-10-05 17:14:43,642-db_helper-INFO-fetch_expenses_for_date called with 2024-08-01
2026-10-05 17:14:50,662-db_helper-INFO-fetch_expenses_for_date called with 2024-08-01
2026-10-05 17:20:11,984-db_helper-INFO-fetch_expenses_for_date called with 2024-08-01
2026-10-05 17:20:42,994-db_helper-INFO-fetch_expenses_for_date called with 2024-08-01
2026-10-05 17:21:29,612-db_helper-INFO-fetch_expenses_for_date called with 2024-08-01
2026-10-05 17:27:57,085-db_helper-INFO-fetch_expenses_for_date called with 2024-08-01
2026-10-05 17:28:04,462-db_helper-INFO-fetch_expenses_for_date called with 2024-08-01
2026-10-05 17:28:23,716-db_helper-INFO-fetch_expenses_for_date called with 2024-08-05
2026-10-05 17:28:44,030-db_helper-INFO-fetch_expenses_for_date called with 2024-08-01
2026-10-05 17:28:48,205-db_helper-INFO-fetch_expenses_for_date called with 2024-08-01
2026-10-05 17:29:04,686-db_helper-INFO-fetch_expenses_for_date called with 2024-08-01
2026-10-05 17:29:11,065-db_helper-INFO-fetch_expenses_for_date called with 2024-08-01
2026-10-05 17:29:26,383-db_helper-INFO-fetch_expenses_for_date called with 2024-08-02
2026-10-05 17:29:34,341-db_helper-INFO-fetch_expenses_for_date called with 2024-08-03
2026-10-05 17:29:40,572-db_helper-INFO-fetch_expenses_for_date called with 2024-08-01
2026-10-05 17:29:49,290-db_helper-INFO-fetch_expenses_for_date called with 2024-08-03
2026-10-05 17:30:36,951-db_helper-INFO-fetch_expenses_for_date called with 2024-08-01
2026-10-05 17:34:55,437-db_helper-INFO-fetch_expenses_for_date called with 2024-08-01
2026-10-05 17:35:03,129-db_helper-INFO-fetch_expenses_for_date called with 2024-08-01
2026-10-05 17:37:12,510-db_helper-INFO-fetch_expenses_for_date called with 2024-08-01
2026-10-05 17:37:19,406-db_helper-INFO-fetch_expenses_for_date called with 2024-08-01
2026-10-05 17:37:29,273-db_helper-INFO-fetch_expenses_for_date called with 2024-08-02
2026-10-05 17:44:50,428-db_helper-INFO-fetch_expenses_for_date called with 2024-08-01
2026-10-05 17:45:15,585-db_helper-INFO-fetch_expenses_for_date called with 2024-08-01
2026-10-05 17:50:35,398-db_helper-INFO-fetch_expenses_for_date called with 2024-08-01
2026-10-05 17:51:19,882-db_helper-INFO-fetch_expenses_for_date called with 2024-08-02
2026-10-05 17:51:28,060-db_helper-INFO-fetch_expenses_for_date called with 2024-08-01
2026-10-05 18:00:25,426-db_helper-INFO-fetch_expenses_for_date called with 2024-08-01
2026-10-05 18:00:42,411-db_helper-INFO-fetch_expenses_for_date called with 2024-08-01
2026-10-05 18:00:50,543-db_helper-INFO-fetch_expenses_for_date called with 2024-08-01
2026-10-05 18:00:58,367-db_helper-INFO-fetch_expenses_for_date called with 2024-08-02
2026-10-05 18:01:05,450-db_helper-INFO-fetch_expenses_for_date called with 2024-08-03
2026-10-05 18:24:57,960-db_helper-INFO-fetch_expenses_for_date called with 2024-08-04
2026-10-05 18:35:18,499-db_helper-INFO-fetch_expenses_for_date called with 2024-08-01
2026-10-05 18:35:30,673-db_helper-INFO-fetch_expenses_for_date called with 2024-08-02
2026-10-05 18:35:39,091-db_helper-INFO-fetch_expenses_for_date called with 2024-08-03
2026-10-05 18:55:39,011-db_helper-INFO-fetch_expenses_for_date called with 2024-08-01
2026-10-05 19:54:39,141-db_helper-INFO-delete_expenses_for_date called with 2024-08-28
2026-10-05 19:54:39,323-db_helper-INFO-insert_expense called with 2024-08-28,amount:23,category:shopping,notes:bought mercedes car
2026-10-05 19:58:12,451-db_helper-INFO-fetch_expenses_for_date called with 2024-08-01
2026-10-05 19:58:19,937-db_helper-INFO-fetch_expenses_for_date called with 2024-08-02
2026-10-05 19:58:27,301-db_helper-INFO-fetch_expenses_for_date called with 2024-08-03
2026-10-05 20:00:48,106-db_helper-INFO-fetch_expenses_for_date called with 2024-08-01
2026-10-05 20:00:56,265-db_helper-INFO-fetch_expenses_for_date called with 2024-08-03
2026-10-05 20:01:03,692-db_helper-INFO-fetch_expenses_for_date called with 2024-08-01
2026-10-05 20:01:11,592-db_helper-INFO-fetch_expenses_for_date called with 2024-08-02
2026-10-05 20:01:17,755-db_helper-INFO-fetch_expenses_for_date called with 2024-08-03
2026-10-05 20:01:54,091-db_helper-INFO-fetch_expenses_for_date called with 2024-08-01
2026-10-05 20:01:59,976-db_helper-INFO-fetch_expenses_for_date called with 2024-08-03
2026-10-05 20:02:04,883-db_helper-INFO-fetch_expenses_for_date called with 2024-08-01
2026-10-05 20:02:10,616-db_helper-INFO-fetch_expenses_for_date called with 2024-08-02
2026-10-05 20:02:16,101-db_helper-INFO-fetch_expenses_for_date called with 2024-08-03
2026-10-05 20:04:18,211-db_helper-INFO-fetch_expenses_for_date called with 2024-08-01
2026-10-05 20:05:50,800-db_helper-INFO-fetch_expenses_for_date called with 2024-08-01
2026-10-05 20:08:01,028-db_helper-INFO-fetch_expenses_for_date called with 2024-08-01
2026-10-05 20:08:08,753-db_helper-INFO-fetch_expenses_for_date called with 2024-08-02
2026-10-05 20:11:00,640-db_helper-INFO-fetch_expenses_for_date called with 2024-08-01
2026-10-05 20:11:08,991-db_helper-INFO-fetch_expenses_for_date called with 2024-08-02
2026-10-05 20:11:17,353-db_helper-INFO-fetch_expenses_for_date called with 2024-08-03
2026-10-05 20:11:50,149-db_helper-INFO-fetch_expenses_for_date called with 2024-08-01
2026-10-05 20:12:08,261-db_helper-INFO-fetch_expenses_for_date called with 2024-08-01
2026-10-05 20:12:11,036-db_helper-INFO-fetch_expenses_for_date called with 2024-08-01
2026-10-05 20:12:17,797-db_helper-INFO-fetch_expenses_for_date called with 2024-08-02
2026-10-05 20:12:24,258-db_helper-INFO-fetch_expenses_for_date called with 2024-08-03
2026-10-05 20:12:30,786-db_helper-INFO-fetch_expenses_for_date called with 2024-08-04
2026-10-05 20:12:38,765-db_helper-INFO-fetch_expenses_for_date called with 2024-08-01
2026-10-05 20:12:44,754-db_helper-INFO-fetch_expenses_for_date called with 2024-08-02
2026-10-05 20:12:50,622-db_helper-INFO-fetch_expenses_for_date called with 2024-08-03
2026-10-05 20:13:43,912-db_helper-INFO-fetch_expenses_for_date called with 2024-08-07
2026-10-05 20:23:22,550-db_helper-INFO-fetch_expenses_for_date called with 2024-08-01
2026-10-05 20:23:37,849-db_helper-INFO-fetch_expenses_for_date called with 2024-08-01
2026-10-05 20:23:43,751-db_helper-INFO-fetch_expenses_for_date called with 2024-08-03
2026-10-05 20:26:12,345-db_helper-INFO-fetch_expenses_for_date called with 2024-08-01
2026-10-05 20:26:19,014-db_helper-INFO-fetch_expenses_for_date called with 2024-08-01
2026-10-05 20:26:25,267-db_helper-INFO-fetch_expenses_for_date called with 2024-08-03
2026-10-05 20:26:32,738-db_helper-INFO-fetch_expenses_for_date called with 2024-08-07
2026-10-05 20:26:56,601-db_helper-INFO-fetch_expenses_for_date called with 2024-08-07
2026-10-05 20:26:58,743-db_helper-INFO-delete_expenses_for_date called with 2024-08-07
2026-10-05 20:26:58,836-db_helper-INFO-insert_expense called with 2024-08-07,amount:2000,category:Shopping,notes:
2026-10-05 20:27:47,338-db_helper-INFO-fetch_expenses_for_date called with 2024-08-07
2026-10-05 20:27:49,452-db_helper-INFO-delete_expenses_for_date called with 2024-08-07
2026-10-05 20:27:49,508-db_helper-INFO-insert_expense called with 2024-08-07,amount:20,category:Shopping,notes:bought coconut
2026-10-05 20:27:49,558-db_helper-INFO-insert_expense called with 2024-08-07,amount:10,category:Shopping,notes:bought hair oil
2026-10-05 20:27:49,613-db_helper-INFO-insert_expense called with 2024-08-07,amount:40,category:Shopping,notes:ate pakoda
2026-10-05 22:41:57,096-db_helper-INFO-fetch_expenses_for_date called with 2024-08-01
2026-10-05 22:55:48,013-db_helper-INFO-fetch_expenses_for_date called with 2024-08-01
2026-10-05 23:03:45,259-db_helper-INFO-fetch_expenses_for_date called with 2024-08-01
2026-10-05 23:08:12,394-db_helper-INFO-fetch_expenses_for_date called with 2024-08-01
2026-10-06 11:46:19,204-db_helper-INFO-fetch_expense_summary called with 2024-08-01,2024-08-05
2026-10-06 11:47:27,017-db_helper-INFO-fetch_expense_summary called with 2024-08-01,2024-08-05
2026-10-06 11:48:15,012-db_helper-INFO-fetch_expenses_for_date called with 2024-08-01
2026-10-06 12:07:04,768-db_helper-INFO-fetch_expense_summary called with 2024-08-01,2024-08-05
2026-10-06 19:23:00,538-db_helper-INFO-fetch_expenses_for_date called with 2024-08-01
2026-10-06 19:23:12,914-db_helper-INFO-fetch_expenses_for_date called with 2024-08-02
2026-10-06 19:23:18,752-db_helper-INFO-fetch_expenses_for_date called with 2024-08-03
2026-10-06 19:26:16,181-db_helper-INFO-fetch_expenses_for_date called with 2024-08-03
2026-10-06 19:32:45,789-db_helper-INFO-fetch_expenses_for_date called with 2024-08-03
2026-10-06 19:32:51,565-db_helper-INFO-fetch_expenses_for_date called with 2024-08-03
2026-10-06 19:33:21,972-db_helper-INFO-fetch_expenses_for_date called with 2024-08-03
2026-10-06 19:33:24,209-db_helper-INFO-fetch_expense_summary called with 2024-08-01,2024-08-05
2026-10-08 22:26:47,650-db_helper-INFO-fetch_expense_summary called with 2024-08-01,2024-08-05
2026-10-08 22:27:32,741-db_helper-INFO-fetch_expenses_for_date called with 2024-08-01
2026-10-08 22:27:43,149-db_helper-INFO-fetch_expenses_for_date called with 2024-08-02
2026-10-08 22:27:49,485-db_helper-INFO-fetch_expenses_for_date called with 2024-08-13
2026-10-08 22:27:55,012-db_helper-INFO-fetch_expenses_for_date called with 2024-08-14
2026-10-08 22:28:03,295-db_helper-INFO-fetch_expenses_for_date called with 2024-07-24
2026-10-08 22:28:08,315-db_helper-INFO-fetch_expenses_for_date called with 2024-07-26
2026-10-08 22:28:18,158-db_helper-INFO-fetch_expenses_for_date called with 2024-07-01
2026-10-08 22:28:25,009-db_helper-INFO-fetch_expenses_for_date called with 2024-08-01
2026-10-08 22:28:31,025-db_helper-INFO-fetch_expenses_for_date called with 2024-08-04
2026-10-08 22:28:36,125-db_helper-INFO-fetch_expenses_for_date called with 2024-08-05
2026-10-08 22:28:41,782-db_helper-INFO-fetch_expenses_for_date called with 2024-08-06
2026-10-08 22:28:51,698-db_helper-INFO-fetch_expenses_for_date called with 2024-08-07
2026-10-08 22:28:59,382-db_helper-INFO-fetch_expenses_for_date called with 2024-08-08
2026-10-08 22:29:08,191-db_helper-INFO-fetch_expenses_for_date called with 2024-08-08
2026-10-08 22:29:10,374-db_helper-INFO-fetch_expense_summary called with 2024-08-01,2024-08-05
2026-10-08 22:29:15,661-db_helper-INFO-fetch_expenses_for_date called with 2024-08-08
2026-10-08 22:29:17,856-db_helper-INFO-fetch_expense_summary called with 2024-08-01,2024-08-05
2026-10-08 22:35:54,222-db_helper-INFO-fetch_expenses_for_date called with 2024-08-08
2026-10-08 22:36:01,116-db_helper-INFO-fetch_expenses_for_date called with 2024-08-08
2026-10-08 22:36:03,388-db_helper-INFO-fetch_expense_summary called with 2024-08-01,2024-08-05
2026-10-08 22:36:44,466-db_helper-INFO-fetch_expenses_for_date called with 2024-08-01
2026-10-08 22:36:49,400-db_helper-INFO-fetch_expenses_for_date called with 2024-08-01
2026-10-08 22:36:51,606-db_helper-INFO-fetch_expense_summary called with 2024-08-01,2024-08-05
2026-10-08 22:43:24,992-db_helper-INFO-fetch_expenses_for_date called with 2024-08-01
2026-10-08 22:43:31,573-db_helper-INFO-fetch_expenses_for_date called with 2024-08-01
2026-10-08 22:43:33,818-db_helper-INFO-fetch_expense_summary called with 2024-08-01,2024-08-05
2026-10-08 22:43:39,932-db_helper-INFO-fetch_expenses_for_date called with 2024-08-01
2026-10-08 22:43:42,143-db_helper-INFO-fetch_expense_summary called with 2024-08-01,2024-08-05
2026-10-08 22:44:19,360-db_helper-INFO-fetch_expenses_for_date called with 2024-08-01
2026-10-08 22:44:23,558-db_helper-INFO-fetch_expenses_for_date called with 2024-08-01
2026-10-08 22:44:25,781-db_helper-INFO-fetch_expense_summary called with 2024-08-01,2024-08-05
2026-10-08 22:45:21,063-db_helper-INFO-fetch_expenses_for_date called with 2024-08-01
2026-10-08 22:45:25,446-db_helper-INFO-fetch_expenses_for_date called with 2024-08-01
2026-10-08 22:45:27,658-db_helper-INFO-fetch_expense_summary called with 2024-08-01,2024-08-05
2026-10-08 22:45:51,805-db_helper-INFO-fetch_expenses_for_date called with 2024-08-01
2026-10-08 22:45:55,029-db_helper-INFO-fetch_expenses_for_date called with 2024-08-01
2026-10-08 22:45:57,252-db_helper-INFO-fetch_expense_summary called with 2024-08-01,2024-08-05
2026-10-08 22:46:17,604-db_helper-INFO-fetch_expenses_for_date called with 2024-08-01
2026-10-08 22:46:21,954-db_helper-INFO-fetch_expenses_for_date called with 2024-08-01
2026-10-08 22:46:24,159-db_helper-INFO-fetch_expense_summary called with 2024-08-01,2024-08-05
2026-10-08 22:46:37,704-db_helper-INFO-fetch_expenses_for_date called with 2024-08-01
2026-10-08 22:46:42,300-db_helper-INFO-fetch_expenses_for_date called with 2024-08-01
2026-10-08 22:46:44,474-db_helper-INFO-fetch_expense_summary called with 2024-08-01,2024-08-06
2026-10-08 22:46:52,611-db_helper-INFO-fetch_expenses_for_date called with 2024-08-01
2026-10-08 22:46:58,656-db_helper-INFO-fetch_expenses_for_date called with 2024-08-01
2026-10-08 22:47:00,884-db_helper-INFO-fetch_expense_summary called with 2024-08-01,2024-08-05
2026-10-08 22:47:13,470-db_helper-INFO-fetch_expenses_for_date called with 2024-08-01
2026-10-08 22:47:19,590-db_helper-INFO-fetch_expenses_for_date called with 2024-08-01
2026-10-08 22:47:21,792-db_helper-INFO-fetch_expense_summary called with 2024-08-01,2024-08-08
2026-10-08 22:47:34,492-db_helper-INFO-fetch_expenses_for_date called with 2024-08-01
2026-10-08 22:47:37,773-db_helper-INFO-fetch_expenses_for_date called with 2024-08-01
2026-10-08 22:47:39,976-db_helper-INFO-fetch_expense_summary called with 2024-08-01,2024-08-05
2026-10-09 16:30:50,277-db_helper-INFO-fetch_expenses_for_date called with 2024-08-01
2026-10-09 16:30:58,917-db_helper-INFO-fetch_expenses_for_date called with 2024-08-01
2026-10-09 16:31:01,120-db_helper-INFO-fetch_expense_summary called with 2024-08-01,2024-08-05
2026-10-09 16:38:41,714-db_helper-INFO-fetch_expenses_for_date called with 2024-08-01
2026-10-09 16:38:49,894-db_helper-INFO-fetch_expenses_for_date called with 2024-08-01
2026-10-09 16:38:52,119-db_helper-INFO-fetch_expense_summary called with 2024-08-01,2024-08-05
2026-10-09 16:39:37,810-db_helper-INFO-fetch_expenses_for_date called with 2024-08-01
2026-10-09 16:40:02,687-db_helper-INFO-fetch_expenses_for_date called with 2024-08-01
2026-10-09 16:40:04,895-db_helper-INFO-fetch_expense_summary called with 2024-08-01,2024-08-05
2026-10-09 16:42:59,994-db_helper-INFO-fetch_expenses_for_date called with 2024-08-01
2026-10-09 16:43:04,730-db_helper-INFO-fetch_expenses_for_date called with 2024-08-01
2026-10-09 16:43:06,957-db_helper-INFO-fetch_expense_summary called with 2024-08-01,2024-08-05
2026-10-09 16:44:12,954-db_helper-INFO-fetch_expenses_for_date called with 2024-08-01
2026-10-09 16:44:17,492-db_helper-INFO-fetch_expenses_for_date called with 2024-08-01
2026-10-09 16:44:19,686-db_helper-INFO-fetch_expense_summary called with 2024-08-01,2024-08-05
2026-10-09 16:58:05,674-db_helper-INFO-fetch_expenses_for_date called with 2024-08-01
2026-10-09 16:58:07,958-db_helper-INFO-fetch_expense_summary called with 2024-08-01,2024-08-05
2026-10-09 16:59:31,348-db_helper-INFO-fetch_expenses_for_date called with 2024-08-01
2026-10-09 16:59:33,550-db_helper-INFO-fetch_expense_summary called with 2024-08-01,2024-08-05
2026-10-09 17:14:04,290-db_helper-INFO-fetch_expenses_for_date called with 2024-08-01
2026-10-09 17:14:06,560-db_helper-INFO-fetch_expense_summary called with 2024-08-01,2024-08-05
2026-10-09 17:32:11,849-db_helper-INFO-fetch_expenses_for_date called with 2024-08-01
2026-10-09 19:55:41,693-db_helper-INFO-fetch_expense_summary called with 2024-08-01,2024-08-05
2026-10-09 19:56:12,809-db_helper-INFO-fetch_expense_summary called with 2024-08-01,2024-08-05
2026-10-09 20:41:17,041-db_helper-INFO-fetch_expense_summary_by_months
2026-10-09 20:41:20,002-db_helper-INFO-fetch_expense_summary_by_months
2026-10-09 20:41:58,673-db_helper-INFO-fetch_expenses_for_date called with 2024-08-01
2026-10-09 20:47:19,736-db_helper-INFO-fetch_expenses_for_date called with 2024-08-01
2026-10-09 20:48:47,095-db_helper-INFO-fetch_expense_summary_by_months
2026-10-09 20:49:39,898-db_helper-INFO-fetch_expense_summary_by_months
2026-10-09 20:51:01,457-db_helper-INFO-fetch_expenses_for_date called with 2024-08-01
2026-10-09 20:51:03,599-db_helper-INFO-fetch_expense_summary_by_months
2026-10-09 20:51:09,162-db_helper-INFO-fetch_expenses_for_date called with 2024-08-08
2026-10-09 20:51:11,263-db_helper-INFO-fetch_expense_summary_by_months
2026-10-09 20:51:14,529-db_helper-INFO-fetch_expenses_for_date called with 2024-08-06
2026-10-09 20:51:16,647-db_helper-INFO-fetch_expense_summary_by_months
2026-10-09 20:51:20,098-db_helper-INFO-fetch_expenses_for_date called with 2024-08-06
2026-10-09 20:51:22,258-db_helper-INFO-fetch_expense_summary called with 2024-08-01,2024-08-05
2026-10-09 20:51:26,050-db_helper-INFO-fetch_expense_summary_by_months
2026-10-09 21:09:44,847-db_helper-INFO-fetch_expenses_for_date called with 2024-08-01
2026-10-09 21:09:47,100-db_helper-INFO-fetch_expense_summary_by_months
2026-10-09 21:11:18,394-db_helper-INFO-fetch_expenses_for_date called with 2024-08-01
2026-10-09 21:11:20,511-db_helper-INFO-fetch_expense_summary_by_months
2026-10-09 21:11:44,860-db_helper-INFO-fetch_expenses_for_date called with 2024-08-01
2026-10-09 21:11:46,978-db_helper-INFO-fetch_expense_summary_by_months
2026-10-09 21:13:08,323-db_helper-INFO-fetch_expenses_for_date called with 2024-08-01
2026-10-09 21:13:10,441-db_helper-INFO-fetch_expense_summary_by_months
2026-10-09 21:13:21,656-db_helper-INFO-fetch_expenses_for_date called with 2024-08-01
2026-10-09 21:13:23,816-db_helper-INFO-fetch_expense_summary called with 2024-08-01,2024-08-05
2026-10-09 21:13:25,958-db_helper-INFO-fetch_expense_summary_by_months
2026-10-09 21:13:31,220-db_helper-INFO-fetch_expenses_for_date called with 2024-08-01
2026-10-09 21:13:33,347-db_helper-INFO-delete_expenses_for_date called with 2024-08-01
2026-10-09 21:13:33,452-db_helper-INFO-insert_expense called with 2024-08-01,amount:1227,category:Rent,notes:Monthly rent payment
2026-10-09 21:13:33,511-db_helper-INFO-insert_expense called with 2024-08-01,amount:300,category:Food,notes:Groceries for the week
2026-10-09 21:13:33,567-db_helper-INFO-insert_expense called with 2024-08-01,amount:1200,category:Rent,notes:Monthly rent payment
2026-10-09 21:13:33,625-db_helper-INFO-insert_expense called with 2024-08-01,amount:300,category:Food,notes:Groceries for the week
2026-10-09 21:13:35,725-db_helper-INFO-fetch_expense_summary_by_months
2026-10-09 21:14:08,606-db_helper-INFO-fetch_expenses_for_date called with 2024-08-01
2026-10-09 21:14:10,722-db_helper-INFO-fetch_expense_summary_by_months
2026-10-09 21:14:30,386-db_helper-INFO-fetch_expenses_for_date called with 2024-08-01
2026-10-09 21:14:32,502-db_helper-INFO-fetch_expense_summary_by_months
2026-10-09 21:14:51,140-db_helper-INFO-fetch_expenses_for_date called with 2024-08-01
2026-10-09 21:14:53,271-db_helper-INFO-fetch_expense_summary_by_months
2026-10-09 21:15:11,087-db_helper-INFO-fetch_expenses_for_date called with 2024-08-01
2026-10-09 21:15:13,237-db_helper-INFO-fetch_expense_summary_by_months
2026-10-09 21:15:14,764-db_helper-INFO-fetch_expenses_for_date called with 2024-08-01
2026-10-09 21:15:16,563-db_helper-INFO-fetch_expenses_for_date called with 2024-08-01
2026-10-09 21:15:18,673-db_helper-INFO-fetch_expense_summary called with 2024-08-01,2024-08-08
2026-10-09 21:15:19,552-db_helper-INFO-fetch_expenses_for_date called with 2024-08-01
2026-10-09 21:15:21,670-db_helper-INFO-fetch_expense_summary called with 2024-08-01,2024-08-08
2026-10-09 21:15:23,801-db_helper-INFO-fetch_expense_summary_by_months
2026-10-09 21:15:33,136-db_helper-INFO-fetch_expenses_for_date called with 2024-08-01
2026-10-09 21:15:35,263-db_helper-INFO-fetch_expense_summary_by_months
2026-10-09 21:15:37,951-db_helper-INFO-fetch_expenses_for_date called with 2024-08-01
2026-10-09 21:15:40,063-db_helper-INFO-fetch_expense_summary called with 2024-08-05,2024-08-08
2026-10-09 21:15:42,156-db_helper-INFO-fetch_expense_summary_by_months
2026-10-09 21:27:39,424-db_helper-INFO-fetch_expenses_for_date called with 2024-08-01
2026-10-09 21:27:41,615-db_helper-INFO-fetch_expense_summary_by_months
2026-10-09 21:27:45,095-db_helper-INFO-fetch_expenses_for_date called with 2024-08-02
2026-10-09 21:27:47,186-db_helper-INFO-fetch_expense_summary_by_months
2026-10-09 21:27:48,355-db_helper-INFO-fetch_expenses_for_date called with 2024-08-02
2026-10-09 21:27:50,489-db_helper-INFO-delete_expenses_for_date called with 2024-08-02
2026-10-09 21:27:52,292-db_helper-INFO-fetch_expenses_for_date called with 2024-08-03
2026-10-09 21:27:54,453-db_helper-INFO-fetch_expense_summary_by_months
2026-10-09 21:28:00,017-db_helper-INFO-fetch_expenses_for_date called with 2024-08-03
2026-10-09 21:28:02,151-db_helper-INFO-fetch_expense_summary called with 2024-08-01,2024-08-05
2026-10-09 21:28:04,304-db_helper-INFO-fetch_expense_summary_by_months
